// Vitest Snapshot v1, https://vitest.dev/guide/snapshot.html

exports[`TextArea > maxLength > should support maxLength 1`] = `
<textarea
  class="ant-input ant-input-outlined css-var-root ant-input-css-var"
  maxlength="10"
/>
`;

exports[`TextArea > should support disabled 1`] = `
<textarea
  class="ant-input ant-input-outlined css-var-root ant-input-css-var ant-input-disabled"
  disabled=""
/>
`;

exports[`TextArea > should support size 1`] = `
<textarea
  class="ant-input ant-input-lg ant-input-outlined css-var-root ant-input-css-var"
/>
`;

exports[`TextArea allowClear > classNames and styles should work 1`] = `
<div>
  <textarea
    class="ant-input custom-textarea ant-input-outlined css-var-root ant-input-css-var custom-class custom-root"
    style="color: red; background: red;"
  />
  <span
    class="ant-input-affix-wrapper ant-input-textarea-affix-wrapper ant-input-textarea-show-count ant-input-show-count ant-input-outlined css-var-root ant-input-css-var custom-class custom-root"
    data-count="0"
    style="color: red; background: red;"
  >
    <textarea
      class="ant-input custom-textarea"
      style="color: red;"
    />
    <span
      class="ant-input-suffix"
    >
      <span
        class="ant-input-data-count custom-count"
        style="color: blue;"
      >
        0
      </span>
    </span>
  </span>
</div>
`;
