// Vitest Snapshot v1, https://vitest.dev/guide/snapshot.html

exports[`Tour > rtl render > component should be rendered correctly in RTL direction 1`] = `null`;

exports[`Tour > steps is empty 1`] = `
<body>
  <div>
    <button
      disabled=""
      type="button"
    >
      Cover
    </button>
  </div>
</body>
`;
