// Vitest Snapshot v1, https://vitest.dev/guide/snapshot.html

exports[`renders components/tabs/demo/custom-tab-bar-node.tsx extend context correctly 1`] = `
<div
  class="ant-tabs ant-tabs-top"
>
  <div
    aria-orientation="horizontal"
    class="ant-tabs-nav"
    role="tablist"
  >
    <div
      class="ant-tabs-nav-wrap"
    >
      <div
        class="ant-tabs-nav-list"
        style="transform: translate(0px, 0px);"
      >
        <div
          aria-describedby="DndDescribedBy-1"
          aria-disabled="false"
          aria-roledescription="sortable"
          class="ant-tabs-tab ant-tabs-tab-active"
          data-node-key="1"
          role="button"
          style="cursor: move;"
          tabindex="0"
        >
          <div
            aria-controls="rc-tabs-test-panel-1"
            aria-selected="true"
            class="ant-tabs-tab-btn"
            id="rc-tabs-test-tab-1"
            role="tab"
            tabindex="0"
          >
            Tab 1
          </div>
        </div>
        <div
          aria-describedby="DndDescribedBy-1"
          aria-disabled="false"
          aria-roledescription="sortable"
          class="ant-tabs-tab"
          data-node-key="2"
          role="button"
          style="cursor: move;"
          tabindex="0"
        >
          <div
            aria-controls="rc-tabs-test-panel-2"
            aria-selected="false"
            class="ant-tabs-tab-btn"
            id="rc-tabs-test-tab-2"
            role="tab"
            tabindex="-1"
          >
            Tab 2
          </div>
        </div>
        <div
          aria-describedby="DndDescribedBy-1"
          aria-disabled="false"
          aria-roledescription="sortable"
          class="ant-tabs-tab"
          data-node-key="3"
          role="button"
          style="cursor: move;"
          tabindex="0"
        >
          <div
            aria-controls="rc-tabs-test-panel-3"
            aria-selected="false"
            class="ant-tabs-tab-btn"
            id="rc-tabs-test-tab-3"
            role="tab"
            tabindex="-1"
          >
            Tab 3
          </div>
        </div>
        <div
          class="ant-tabs-ink-bar ant-tabs-ink-bar-animated"
        />
      </div>
    </div>
    <div
      class="ant-tabs-nav-operations ant-tabs-nav-operations-hidden"
    >
      <button
        aria-controls="rc-tabs-test-more-popup"
        aria-expanded="false"
        aria-haspopup="listbox"
        aria-hidden="true"
        class="ant-tabs-nav-more"
        id="rc-tabs-test-more"
        style="visibility: hidden; order: 1;"
        tabindex="-1"
        type="button"
      >
        <span
          aria-label="ellipsis"
          class="anticon anticon-ellipsis"
          role="img"
        >
          <svg
            aria-hidden="true"
            data-icon="ellipsis"
            fill="currentColor"
            focusable="false"
            height="1em"
            viewBox="64 64 896 896"
            width="1em"
          >
            <path
              d="M176 511a56 56 0 10112 0 56 56 0 10-112 0zm280 0a56 56 0 10112 0 56 56 0 10-112 0zm280 0a56 56 0 10112 0 56 56 0 10-112 0z"
            />
          </svg>
        </span>
      </button>
      <div
        class="ant-tabs-dropdown ant-slide-up-appear ant-slide-up-appear-prepare ant-slide-up ant-tabs-dropdown-placement-bottomLeft"
        style="--arrow-x: 0px; --arrow-y: 0px; left: -1000vw; top: -1000vh; box-sizing: border-box;"
      >
        <ul
          aria-label="expanded dropdown"
          class="ant-tabs-dropdown-menu ant-tabs-dropdown-menu-root ant-tabs-dropdown-menu-vertical"
          data-menu-list="true"
          id="rc-tabs-test-more-popup"
          role="listbox"
          tabindex="-1"
        />
        <div
          aria-hidden="true"
          style="display: none;"
        />
      </div>
    </div>
  </div>
  <div
    id="DndDescribedBy-1"
    style="display: none;"
  >
    To pick up a draggable item, press the space bar.
    While dragging, use the arrow keys to move the item.
    Press space again to drop the item in its new position, or press escape to cancel.
  </div>
  <div
    aria-atomic="true"
    aria-live="assertive"
    id="DndLiveRegion-1"
    role="status"
    style="position: fixed; top: 0px; left: 0px; width: 1px; height: 1px; margin: -1px; border: 0px; padding: 0px; overflow: hidden; clip-path: inset(100%); white-space: nowrap;"
  />
  <div
    class="ant-tabs-content-holder"
  >
    <div
      class="ant-tabs-content ant-tabs-content-top"
    >
      <div
        aria-hidden="false"
        aria-labelledby="rc-tabs-test-tab-1"
        class="ant-tabs-tabpane ant-tabs-tabpane-active"
        id="rc-tabs-test-panel-1"
        role="tabpanel"
        tabindex="0"
      >
        Content of Tab Pane 1
      </div>
    </div>
  </div>
</div>
`;

exports[`renders components/tabs/demo/custom-tab-bar-node.tsx extend context correctly 2`] = `[]`;
