// Vitest Snapshot v1, https://vitest.dev/guide/snapshot.html

exports[`Tabs > renderTabBar > custom-tab-bar 1`] = `
<div
  class="ant-tabs ant-tabs-top css-var-root ant-tabs-css-var"
>
  <div>
    custom-tab-bar
  </div>
  <div
    class="ant-tabs-content-holder"
  >
    <div
      class="ant-tabs-content ant-tabs-content-top"
    >
      <div
        aria-hidden="false"
        aria-labelledby="rc-tabs-test-tab-1"
        class="ant-tabs-tabpane ant-tabs-tabpane-active"
        id="rc-tabs-test-panel-1"
        role="tabpanel"
        tabindex="0"
      >
        foo
      </div>
    </div>
  </div>
</div>
`;
