// Vitest Snapshot v1, https://vitest.dev/guide/snapshot.html

exports[`Dropdown > rtl render > component should be rendered correctly in RTL direction 1`] = `
<span
  class="ant-dropdown-trigger ant-dropdown-rtl"
/>
`;

exports[`Dropdown > should render custom dropdown correctly 1`] = `
Array [
  <button
    class="ant-dropdown-trigger ant-dropdown-open"
    type="button"
  >
    button
  </button>,
]
`;

exports[`Dropdown > support custom transitionName 1`] = `
Array [
  <button
    class="ant-dropdown-trigger ant-dropdown-open"
    type="button"
  >
    button
  </button>,
]
`;
