// Vitest Snapshot v1, https://vitest.dev/guide/snapshot.html

exports[`Image > rtl render > component should be rendered correctly in RTL direction 1`] = `
<div
  class="ant-image css-var-root ant-image-css-var"
  role="button"
  tabindex="0"
>
  <img
    class="ant-image-img"
  />
  <div
    class="ant-image-cover ant-image-cover-center"
  />
</div>
`;
