// Vitest Snapshot v1, https://vitest.dev/guide/snapshot.html

exports[`renders components/tree-select/demo/maxCountNoEffect.tsx extend context correctly 1`] = `
Array [
  <div
    class="ant-select ant-tree-select ant-select-outlined css-var-test-id ant-select-css-var ant-tree-select-css-var ant-select-multiple ant-select-show-arrow"
    style="width: 100%;"
  >
    <div
      class="ant-select-content"
    >
      <div
        class="ant-select-content-item ant-select-content-item-prefix"
        style="opacity: 1;"
      >
        <div
          class="ant-select-placeholder"
          style="visibility: visible;"
        >
          please select
        </div>
      </div>
      <div
        class="ant-select-content-item ant-select-content-item-suffix"
        style="opacity: 1;"
      >
        <input
          aria-autocomplete="list"
          aria-expanded="false"
          aria-haspopup="listbox"
          autocomplete="off"
          class="ant-select-input"
          id="test-id"
          readonly=""
          role="combobox"
          style="--select-input-width: 0;"
          type="search"
          value=""
        />
      </div>
    </div>
    <div
      class="ant-select-suffix"
    >
      <span>
        0 / 2
      </span>
      <span
        aria-label="down"
        class="anticon anticon-down"
        role="img"
      >
        <svg
          aria-hidden="true"
          data-icon="down"
          fill="currentColor"
          focusable="false"
          height="1em"
          viewBox="64 64 896 896"
          width="1em"
        >
          <path
            d="M884 256h-75c-5.1 0-9.9 2.5-12.9 6.6L512 654.2 227.9 262.6c-3-4.1-7.8-6.6-12.9-6.6h-75c-6.5 0-10.3 7.4-6.5 12.7l352.6 486.1c12.8 17.6 39 17.6 51.7 0l352.6-486.1c3.9-5.3.1-12.7-6.4-12.7z"
          />
        </svg>
      </span>
    </div>
  </div>,
  <div
    class="ant-select-dropdown ant-slide-up-appear ant-slide-up-appear-prepare ant-slide-up ant-tree-select-dropdown css-var-test-id ant-select-css-var ant-tree-select-css-var ant-select-dropdown-placement-bottomLeft"
    style="--arrow-x: 0px; --arrow-y: 0px; left: -1000vw; top: -1000vh; right: auto; bottom: auto; box-sizing: border-box;"
  >
    <div>
      <div>
        <div
          class="ant-select-tree"
        >
          <div
            aria-hidden="true"
            class="ant-select-tree-treenode"
            style="position: absolute; pointer-events: none; visibility: hidden; height: 0px; overflow: hidden; border: 0px; padding: 0px;"
          >
            <div
              class="ant-select-tree-indent"
            >
              <div
                class="ant-select-tree-indent-unit"
              />
            </div>
          </div>
          <div
            class="ant-select-tree-list"
            role="tree"
            style="position: relative;"
          >
            <div
              class="ant-select-tree-list-holder"
              style="max-height: 256px; overflow-y: auto; overflow-anchor: none;"
            >
              <div>
                <div
                  class="ant-select-tree-list-holder-inner"
                  style="display: flex; flex-direction: column;"
                >
                  <div
                    aria-checked="false"
                    aria-disabled="false"
                    aria-expanded="false"
                    aria-selected="false"
                    class="ant-select-tree-treenode ant-select-tree-treenode-switcher-close"
                    draggable="false"
                    id="test-id-0-0"
                    role="treeitem"
                  >
                    <span
                      aria-hidden="true"
                      class="ant-select-tree-indent"
                    />
                    <span
                      class="ant-select-tree-switcher ant-select-tree-switcher_close"
                    >
                      <span
                        aria-label="caret-down"
                        class="anticon anticon-caret-down ant-select-tree-switcher-icon"
                        role="img"
                      >
                        <svg
                          aria-hidden="true"
                          data-icon="caret-down"
                          fill="currentColor"
                          focusable="false"
                          height="1em"
                          viewBox="0 0 1024 1024"
                          width="1em"
                        >
                          <path
                            d="M840.4 300H183.6c-19.7 0-30.7 20.8-18.5 35l328.4 380.8c9.4 10.9 27.5 10.9 37 0L858.9 335c12.2-14.2 1.2-35-18.5-35z"
                          />
                        </svg>
                      </span>
                    </span>
                    <span
                      aria-checked="false"
                      aria-labelledby="test-id-0-0"
                      class="ant-select-tree-checkbox"
                      role="checkbox"
                    >
                      <span
                        class="ant-select-tree-checkbox-inner"
                      />
                    </span>
                    <span
                      class="ant-select-tree-node-content-wrapper ant-select-tree-node-content-wrapper-close"
                      title="Node1"
                    >
                      <span
                        class="ant-select-tree-title"
                      >
                        Node1
                      </span>
                    </span>
                  </div>
                  <div
                    aria-checked="false"
                    aria-disabled="false"
                    aria-expanded="false"
                    aria-selected="false"
                    class="ant-select-tree-treenode ant-select-tree-treenode-switcher-close ant-select-tree-treenode-leaf-last"
                    draggable="false"
                    id="test-id-0-1"
                    role="treeitem"
                  >
                    <span
                      aria-hidden="true"
                      class="ant-select-tree-indent"
                    />
                    <span
                      class="ant-select-tree-switcher ant-select-tree-switcher_close"
                    >
                      <span
                        aria-label="caret-down"
                        class="anticon anticon-caret-down ant-select-tree-switcher-icon"
                        role="img"
                      >
                        <svg
                          aria-hidden="true"
                          data-icon="caret-down"
                          fill="currentColor"
                          focusable="false"
                          height="1em"
                          viewBox="0 0 1024 1024"
                          width="1em"
                        >
                          <path
                            d="M840.4 300H183.6c-19.7 0-30.7 20.8-18.5 35l328.4 380.8c9.4 10.9 27.5 10.9 37 0L858.9 335c12.2-14.2 1.2-35-18.5-35z"
                          />
                        </svg>
                      </span>
                    </span>
                    <span
                      aria-checked="false"
                      aria-labelledby="test-id-0-1"
                      class="ant-select-tree-checkbox"
                      role="checkbox"
                    >
                      <span
                        class="ant-select-tree-checkbox-inner"
                      />
                    </span>
                    <span
                      class="ant-select-tree-node-content-wrapper ant-select-tree-node-content-wrapper-close"
                      title="Node2"
                    >
                      <span
                        class="ant-select-tree-title"
                      >
                        Node2
                      </span>
                    </span>
                  </div>
                </div>
              </div>
            </div>
          </div>
        </div>
      </div>
    </div>
  </div>,
]
`;

exports[`renders components/tree-select/demo/maxCountNoEffect.tsx extend context correctly 2`] = `[]`;
