// Vitest Snapshot v1, https://vitest.dev/guide/snapshot.html

exports[`Alert > rtl render > component should be rendered correctly in RTL direction 1`] = `
<div
  class="ant-alert ant-alert-info ant-alert-no-icon ant-alert-rtl css-var-root"
  data-show="true"
  role="alert"
>
  <div
    class="ant-alert-section"
  />
</div>
`;
