// Vitest Snapshot v1, https://vitest.dev/guide/snapshot.html

exports[`Upload List > itemRender 1`] = `
<div
  class="ant-upload-list ant-upload-list-text"
>
  <div
    class="ant-upload-list-item-container"
  >
    <div
      class="custom-item-render"
    >
      <span>
        uid:-1 name: xxx.png status: done url: https://zos.alipayobjects.com/rmsportal/jkjgkEfvpUPVyRjUImniVslZfWPnJuuZ.png  1/2
      </span>
      <span
        class="custom-item-render-action-remove"
      >
        remove
      </span>
      <span
        class="custom-item-render-action-download"
      >
        download
      </span>
      <span
        class="custom-item-render-action-preview"
      >
        preview
      </span>
    </div>
  </div>
  <div
    class="ant-upload-list-item-container"
  >
    <div
      class="custom-item-render"
    >
      <span>
        uid:-2 name: yyy.png status: done url: https://zos.alipayobjects.com/rmsportal/IQKRngzUuFzJzGzRJXUs.png  2/2
      </span>
      <span
        class="custom-item-render-action-remove"
      >
        remove
      </span>
      <span
        class="custom-item-render-action-download"
      >
        download
      </span>
      <span
        class="custom-item-render-action-preview"
      >
        preview
      </span>
    </div>
  </div>
</div>
`;

exports[`Upload List > should be uploading when upload a file 1`] = `null`;
