// Vitest Snapshot v1, https://vitest.dev/guide/snapshot.html

exports[`Modal > rtl render > component should be rendered correctly in RTL direction 1`] = `null`;

exports[`Modal > support closeIcon 1`] = `
<div
  class="ant-modal-root css-var-root ant-modal-css-var"
>
  <div
    class="ant-modal-mask ant-fade-appear ant-fade-appear-start ant-fade"
  />
  <div
    class="ant-modal-wrap"
  >
    <div
      aria-modal="true"
      class="ant-modal ant-zoom-appear ant-zoom-appear-prepare ant-zoom"
      role="dialog"
      style="width: 520px;"
      tabindex="-1"
    >
      <div
        class="ant-modal-container"
      >
        <button
          aria-label="Close"
          class="ant-modal-close"
          type="button"
        >
          <span
            aria-label="Close"
            class="ant-modal-close-x"
          >
            <a>
              closeIcon
            </a>
          </span>
        </button>
        <div
          class="ant-modal-body"
        />
        <div
          class="ant-modal-footer"
        >
          <button
            class="ant-btn css-var-root ant-btn-default ant-btn-color-default ant-btn-variant-outlined"
            type="button"
          >
            <span>
              Cancel
            </span>
          </button>
          <button
            class="ant-btn css-var-root ant-btn-primary ant-btn-color-primary ant-btn-variant-solid"
            type="button"
          >
            <span>
              OK
            </span>
          </button>
        </div>
      </div>
    </div>
  </div>
</div>
`;
